[INFO] Scanning for projects...
[INFO] 
[INFO] ----------------------< esprit.tn:esprit-4se2-pi >----------------------
[INFO] Building esprit-4se2-pi 0.0.1-SNAPSHOT
[INFO]   from pom.xml
[INFO] --------------------------------[ jar ]---------------------------------
[INFO] 
[INFO] --- resources:3.3.1:resources (default-resources) @ esprit-4se2-pi ---
[INFO] Copying 1 resource from src\main\resources to target\classes
[INFO] Copying 0 resource from src\main\resources to target\classes
[INFO] 
[INFO] --- compiler:3.11.0:compile (default-compile) @ esprit-4se2-pi ---
[INFO] Changes detected - recompiling the module! :source
[INFO] Compiling 245 source files with javac [debug release 17] to target\classes
[INFO] Some messages have been simplified; recompile with -Xdiags:verbose to get full output
[INFO] -------------------------------------------------------------
[ERROR] COMPILATION ERROR : 
[INFO] -------------------------------------------------------------
[ERROR] /C:/git/pidev/StreetLeague_spring/src/main/java/tn/esprit/_4se2/pi/mapper/TeamMemberMapper.java:[16,26] incompatible types: tn.esprit._4se2.pi.entities.TeamMemberId cannot be converted to java.lang.Long
[ERROR] /C:/git/pidev/StreetLeague_spring/src/main/java/tn/esprit/_4se2/pi/mapper/TeamMemberMapper.java:[20,42] cannot find symbol
  symbol:   variable Role
  location: class tn.esprit._4se2.pi.entities.TeamMember
[ERROR] /C:/git/pidev/StreetLeague_spring/src/main/java/tn/esprit/_4se2/pi/mapper/TeamMemberMapper.java:[27,41] cannot find symbol
  symbol:   method getUserId()
  location: class java.lang.Long
[ERROR] /C:/git/pidev/StreetLeague_spring/src/main/java/tn/esprit/_4se2/pi/mapper/TeamMemberMapper.java:[28,41] cannot find symbol
  symbol:   method getTeamId()
  location: class java.lang.Long
[ERROR] /C:/git/pidev/StreetLeague_spring/src/main/java/tn/esprit/_4se2/pi/mapper/TeamMemberMapper.java:[29,12] cannot find symbol
  symbol:   method setRole(teamMember[...] null)
  location: variable dto of type tn.esprit._4se2.pi.dto.TeamMemberResponse
[ERROR] /C:/git/pidev/StreetLeague_spring/src/main/java/tn/esprit/_4se2/pi/mapper/TeamMemberMapper.java:[29,31] cannot find symbol
  symbol:   method getRole()
  location: variable teamMember of type tn.esprit._4se2.pi.entities.TeamMember
[ERROR] /C:/git/pidev/StreetLeague_spring/src/main/java/tn/esprit/_4se2/pi/mapper/TeamMemberMapper.java:[29,62] cannot find symbol
  symbol:   method getRole()
  location: variable teamMember of type tn.esprit._4se2.pi.entities.TeamMember
[ERROR] /C:/git/pidev/StreetLeague_spring/src/main/java/tn/esprit/_4se2/pi/services/TeamMember/TeamMemberService.java:[29,30] incompatible types: tn.esprit._4se2.pi.entities.TeamMemberId cannot be converted to java.lang.Long
[ERROR] /C:/git/pidev/StreetLeague_spring/src/main/java/tn/esprit/_4se2/pi/services/TeamMember/TeamMemberService.java:[37,31] cannot find symbol
  symbol:   method setUserId(java.lang.Long)
  location: class java.lang.Long
[ERROR] /C:/git/pidev/StreetLeague_spring/src/main/java/tn/esprit/_4se2/pi/services/TeamMember/TeamMemberService.java:[47,31] cannot find symbol
  symbol:   method setTeamId(java.lang.Long)
  location: class java.lang.Long
[ERROR] /C:/git/pidev/StreetLeague_spring/src/main/java/tn/esprit/_4se2/pi/services/TeamMember/TeamMemberService.java:[69,46] incompatible types: tn.esprit._4se2.pi.entities.TeamMemberId cannot be converted to java.lang.Long
[ERROR] /C:/git/pidev/StreetLeague_spring/src/main/java/tn/esprit/_4se2/pi/services/TeamMember/TeamMemberService.java:[78,71] incompatible types: java.lang.Long cannot be converted to tn.esprit._4se2.pi.entities.TeamMemberId
[ERROR] /C:/git/pidev/StreetLeague_spring/src/main/java/tn/esprit/_4se2/pi/services/TeamMember/TeamMemberService.java:[81,23] cannot find symbol
  symbol:   method getRole()
  location: variable teamMember of type tn.esprit._4se2.pi.entities.TeamMember
[ERROR] /C:/git/pidev/StreetLeague_spring/src/main/java/tn/esprit/_4se2/pi/services/TeamMember/TeamMemberService.java:[82,46] cannot find symbol
  symbol:   method getRole()
  location: variable teamMember of type tn.esprit._4se2.pi.entities.TeamMember
[ERROR] /C:/git/pidev/StreetLeague_spring/src/main/java/tn/esprit/_4se2/pi/services/TeamMember/TeamMemberService.java:[91,41] incompatible types: tn.esprit._4se2.pi.entities.TeamMemberId cannot be converted to java.lang.Long
[INFO] 15 errors 
[INFO] -------------------------------------------------------------
[INFO] ------------------------------------------------------------------------
[INFO] BUILD FAILURE
[INFO] ------------------------------------------------------------------------
[INFO] Total time:  7.412 s
[INFO] Finished at: 2026-03-29T21:46:58+01:00
[INFO] ------------------------------------------------------------------------
[ERROR] Failed to execute goal org.apache.maven.plugins:maven-compiler-plugin:3.11.0:compile (default-compile) on project esprit-4se2-pi: Compilation failure: Compilation failure: 
[ERROR] /C:/git/pidev/StreetLeague_spring/src/main/java/tn/esprit/_4se2/pi/mapper/TeamMemberMapper.java:[16,26] incompatible types: tn.esprit._4se2.pi.entities.TeamMemberId cannot be converted to java.lang.Long
[ERROR] /C:/git/pidev/StreetLeague_spring/src/main/java/tn/esprit/_4se2/pi/mapper/TeamMemberMapper.java:[20,42] cannot find symbol
[ERROR]   symbol:   variable Role
[ERROR]   location: class tn.esprit._4se2.pi.entities.TeamMember
[ERROR] /C:/git/pidev/StreetLeague_spring/src/main/java/tn/esprit/_4se2/pi/mapper/TeamMemberMapper.java:[27,41] cannot find symbol
[ERROR]   symbol:   method getUserId()
[ERROR]   location: class java.lang.Long
[ERROR] /C:/git/pidev/StreetLeague_spring/src/main/java/tn/esprit/_4se2/pi/mapper/TeamMemberMapper.java:[28,41] cannot find symbol
[ERROR]   symbol:   method getTeamId()
[ERROR]   location: class java.lang.Long
[ERROR] /C:/git/pidev/StreetLeague_spring/src/main/java/tn/esprit/_4se2/pi/mapper/TeamMemberMapper.java:[29,12] cannot find symbol
[ERROR]   symbol:   method setRole(teamMember[...] null)
[ERROR]   location: variable dto of type tn.esprit._4se2.pi.dto.TeamMemberResponse
[ERROR] /C:/git/pidev/StreetLeague_spring/src/main/java/tn/esprit/_4se2/pi/mapper/TeamMemberMapper.java:[29,31] cannot find symbol
[ERROR]   symbol:   method getRole()
[ERROR]   location: variable teamMember of type tn.esprit._4se2.pi.entities.TeamMember
[ERROR] /C:/git/pidev/StreetLeague_spring/src/main/java/tn/esprit/_4se2/pi/mapper/TeamMemberMapper.java:[29,62] cannot find symbol
[ERROR]   symbol:   method getRole()
[ERROR]   location: variable teamMember of type tn.esprit._4se2.pi.entities.TeamMember
[ERROR] /C:/git/pidev/StreetLeague_spring/src/main/java/tn/esprit/_4se2/pi/services/TeamMember/TeamMemberService.java:[29,30] incompatible types: tn.esprit._4se2.pi.entities.TeamMemberId cannot be converted to java.lang.Long
[ERROR] /C:/git/pidev/StreetLeague_spring/src/main/java/tn/esprit/_4se2/pi/services/TeamMember/TeamMemberService.java:[37,31] cannot find symbol
[ERROR]   symbol:   method setUserId(java.lang.Long)
[ERROR]   location: class java.lang.Long
[ERROR] /C:/git/pidev/StreetLeague_spring/src/main/java/tn/esprit/_4se2/pi/services/TeamMember/TeamMemberService.java:[47,31] cannot find symbol
[ERROR]   symbol:   method setTeamId(java.lang.Long)
[ERROR]   location: class java.lang.Long
[ERROR] /C:/git/pidev/StreetLeague_spring/src/main/java/tn/esprit/_4se2/pi/services/TeamMember/TeamMemberService.java:[69,46] incompatible types: tn.esprit._4se2.pi.entities.TeamMemberId cannot be converted to java.lang.Long
[ERROR] /C:/git/pidev/StreetLeague_spring/src/main/java/tn/esprit/_4se2/pi/services/TeamMember/TeamMemberService.java:[78,71] incompatible types: java.lang.Long cannot be converted to tn.esprit._4se2.pi.entities.TeamMemberId
[ERROR] /C:/git/pidev/StreetLeague_spring/src/main/java/tn/esprit/_4se2/pi/services/TeamMember/TeamMemberService.java:[81,23] cannot find symbol
[ERROR]   symbol:   method getRole()
[ERROR]   location: variable teamMember of type tn.esprit._4se2.pi.entities.TeamMember
[ERROR] /C:/git/pidev/StreetLeague_spring/src/main/java/tn/esprit/_4se2/pi/services/TeamMember/TeamMemberService.java:[82,46] cannot find symbol
[ERROR]   symbol:   method getRole()
[ERROR]   location: variable teamMember of type tn.esprit._4se2.pi.entities.TeamMember
[ERROR] /C:/git/pidev/StreetLeague_spring/src/main/java/tn/esprit/_4se2/pi/services/TeamMember/TeamMemberService.java:[91,41] incompatible types: tn.esprit._4se2.pi.entities.TeamMemberId cannot be converted to java.lang.Long
[ERROR] -> [Help 1]
[ERROR] 
[ERROR] To see the full stack trace of the errors, re-run Maven with the -e switch.
[ERROR] Re-run Maven using the -X switch to enable full debug logging.
[ERROR] 
[ERROR] For more information about the errors and possible solutions, please read the following articles:
[ERROR] [Help 1] http://cwiki.apache.org/confluence/display/MAVEN/MojoFailureException
